  Determining projects to restore...
  All projects are up-to-date for restore.
E:\Office Software\Billing Software\Views\Reports\MonthlyBreakdown.cshtml(36,6): error RZ1010: Unexpected "{" after "@" character. Once inside the body of a code block (@if {}, @{}, etc.) you do not need to use "@{" to switch to code. [E:\Office Software\Billing Software\BillingSoftware.csproj]
E:\Office Software\Billing Software\Views\Reports\MonthlyBreakdown.cshtml(34,30): warning CS8600: Converting null literal or possible null value to non-nullable type. [E:\Office Software\Billing Software\BillingSoftware.csproj]
E:\Office Software\Billing Software\Views\Reports\MonthlyBreakdown.cshtml(34,30): warning CS8604: Possible null reference argument for parameter 'source' in 'bool Enumerable.Any<dynamic>(IEnumerable<dynamic> source)'. [E:\Office Software\Billing Software\BillingSoftware.csproj]
E:\Office Software\Billing Software\Views\Reports\MonthlyBreakdown.cshtml(37,25): warning CS8600: Converting null literal or possible null value to non-nullable type. [E:\Office Software\Billing Software\BillingSoftware.csproj]
E:\Office Software\Billing Software\Views\Reports\MonthlyBreakdown.cshtml(37,25): warning CS8604: Possible null reference argument for parameter 'source' in 'List<dynamic> Enumerable.ToList<dynamic>(IEnumerable<dynamic> source)'. [E:\Office Software\Billing Software\BillingSoftware.csproj]

Build FAILED.

E:\Office Software\Billing Software\Views\Reports\MonthlyBreakdown.cshtml(34,30): warning CS8600: Converting null literal or possible null value to non-nullable type. [E:\Office Software\Billing Software\BillingSoftware.csproj]
E:\Office Software\Billing Software\Views\Reports\MonthlyBreakdown.cshtml(34,30): warning CS8604: Possible null reference argument for parameter 'source' in 'bool Enumerable.Any<dynamic>(IEnumerable<dynamic> source)'. [E:\Office Software\Billing Software\BillingSoftware.csproj]
E:\Office Software\Billing Software\Views\Reports\MonthlyBreakdown.cshtml(37,25): warning CS8600: Converting null literal or possible null value to non-nullable type. [E:\Office Software\Billing Software\BillingSoftware.csproj]
E:\Office Software\Billing Software\Views\Reports\MonthlyBreakdown.cshtml(37,25): warning CS8604: Possible null reference argument for parameter 'source' in 'List<dynamic> Enumerable.ToList<dynamic>(IEnumerable<dynamic> source)'. [E:\Office Software\Billing Software\BillingSoftware.csproj]
E:\Office Software\Billing Software\Views\Reports\MonthlyBreakdown.cshtml(36,6): error RZ1010: Unexpected "{" after "@" character. Once inside the body of a code block (@if {}, @{}, etc.) you do not need to use "@{" to switch to code. [E:\Office Software\Billing Software\BillingSoftware.csproj]
    4 Warning(s)
    1 Error(s)

Time Elapsed 00:00:08.67

Workload updates are available. Run `dotnet workload list` for more information.
